test/benchmark/benchmark_bench.inko:13:5 [33m[1mwarning[0m[0m(unused-result): the result of this expression is unused
test/benchmark/benchmark_bench.inko:14:5 [33m[1mwarning[0m[0m(unused-result): the result of this expression is unused
test/benchmark/benchmark_bench.inko:26:5 [33m[1mwarning[0m[0m(unused-result): the result of this expression is unused
test/benchmark/benchmark_bench.inko:31:5 [33m[1mwarning[0m[0m(unused-result): the result of this expression is unused
test/benchmark/benchmark_bench.inko:32:5 [33m[1mwarning[0m[0m(unused-result): the result of this expression is unused
test/benchmark/benchmark_bench.inko:35:5 [33m[1mwarning[0m[0m(unused-result): the result of this expression is unused
test/benchmark/benchmark_bench.inko:48:5 [33m[1mwarning[0m[0m(unused-result): the result of this expression is unused
test/benchmark/benchmark_bench.inko:49:5 [33m[1mwarning[0m[0m(unused-result): the result of this expression is unused
test/benchmark/benchmark_bench.inko:52:5 [33m[1mwarning[0m[0m(unused-result): the result of this expression is unused
test/benchmark/benchmark_bench.inko:65:5 [33m[1mwarning[0m[0m(unused-result): the result of this expression is unused
test/benchmark/benchmark_bench.inko:66:5 [33m[1mwarning[0m[0m(unused-result): the result of this expression is unused
test/benchmark/benchmark_bench.inko:69:5 [33m[1mwarning[0m[0m(unused-result): the result of this expression is unused
test/benchmark/benchmark_bench.inko:82:5 [33m[1mwarning[0m[0m(unused-result): the result of this expression is unused
test/benchmark/benchmark_bench.inko:83:5 [33m[1mwarning[0m[0m(unused-result): the result of this expression is unused
test/benchmark/benchmark_bench.inko:86:5 [33m[1mwarning[0m[0m(unused-result): the result of this expression is unused
test/benchmark/benchmark_bench.inko:99:5 [33m[1mwarning[0m[0m(unused-result): the result of this expression is unused
test/benchmark/benchmark_bench.inko:100:5 [33m[1mwarning[0m[0m(unused-result): the result of this expression is unused
test/benchmark/benchmark_bench.inko:103:5 [33m[1mwarning[0m[0m(unused-result): the result of this expression is unused
test/benchmark/benchmark_bench.inko:119:5 [33m[1mwarning[0m[0m(unused-result): the result of this expression is unused
test/benchmark/benchmark_bench.inko:120:5 [33m[1mwarning[0m[0m(unused-result): the result of this expression is unused
test/benchmark/benchmark_bench.inko:123:5 [33m[1mwarning[0m[0m(unused-result): the result of this expression is unused
test/benchmark/benchmark_bench.inko:140:5 [33m[1mwarning[0m[0m(unused-result): the result of this expression is unused
test/benchmark/benchmark_bench.inko:141:5 [33m[1mwarning[0m[0m(unused-result): the result of this expression is unused
Starting Email Parser Benchmark Suite...

Warming up...
  Warmup complete

Benchmark 1: Simple email parsing (1000 iterations)...
  Complete

Benchmark 2: Multipart parsing (500 iterations)...
  Complete

Benchmark 3: Base64 decoding (1000 iterations)...
  Complete

Benchmark 4: Quoted-printable decoding (1000 iterations)...
  Complete

Benchmark 5: Header parsing (10000 iterations)...
  Complete

Benchmark 6: Address parsing (5000 iterations)...
  Complete

All benchmarks complete!
